// Jest Snapshot v1, https://goo.gl/fbAQLP

exports[`<Avatar /> with no props should match the snapshot 1`] = `"<img alt=\\"\\" class=\\"undefined makeStyles-rounded-2 makeStyles-fluid-1\\"/>"`;
